[0731/010231.082:INFO:CONSOLE(0)] "Error with Permissions-Policy header: Feature xr-spatial-tracking's parameters are ignored.", source:  (0)
[0731/010231.082:INFO:CONSOLE(0)] "Error with Permissions-Policy header: Origin trial controlled feature not enabled: 'attribution-reporting'.", source:  (0)
[0731/010231.082:INFO:CONSOLE(0)] "Error with Permissions-Policy header: Unrecognized feature: 'bluetooth'.", source:  (0)
[0731/010231.082:INFO:CONSOLE(0)] "Error with Permissions-Policy header: Unrecognized feature: 'ch-save-data'.", source:  (0)
[0731/010231.082:INFO:CONSOLE(0)] "Error with Permissions-Policy header: Origin trial controlled feature not enabled: 'ch-viewport-height'.", source:  (0)
[0731/010231.082:INFO:CONSOLE(0)] "Error with Permissions-Policy header: Unrecognized feature: 'compute-pressure'.", source:  (0)
[0731/010231.082:INFO:CONSOLE(0)] "Error with Permissions-Policy header: Unrecognized feature: 'gamepad'.", source:  (0)
[0731/010231.082:INFO:CONSOLE(0)] "Error with Permissions-Policy header: Unrecognized feature: 'interest-cohort'.", source:  (0)
[0731/010231.082:INFO:CONSOLE(0)] "Error with Permissions-Policy header: Unrecognized feature: 'local-fonts'.", source:  (0)
[0731/010231.082:INFO:CONSOLE(0)] "Error with Permissions-Policy header: Unrecognized feature: 'private-state-token-issuance'.", source:  (0)
[0731/010231.082:INFO:CONSOLE(0)] "Error with Permissions-Policy header: Unrecognized feature: 'shared-storage'.", source:  (0)
[0731/010231.083:INFO:CONSOLE(0)] "Error with Permissions-Policy header: Unrecognized feature: 'shared-storage-select-url'.", source:  (0)
[0731/010231.083:INFO:CONSOLE(0)] "Error with Permissions-Policy header: Unrecognized feature: 'private-state-token-redemption'.", source:  (0)
[0731/010231.083:INFO:CONSOLE(0)] "Error with Permissions-Policy header: Unrecognized feature: 'unload'.", source:  (0)
[0731/010231.083:INFO:CONSOLE(0)] "Error with Permissions-Policy header: Unrecognized feature: 'window-management'.", source:  (0)
[0731/010231.083:INFO:CONSOLE(0)] "Document-Policy HTTP header: Unrecognized document policy feature name include-js-call-stacks-in-crash-reports.", source: https://web.whatsapp.com/ (0)
[0731/010231.090:WARNING:backend_impl.cc(1826)] Destroying invalid entry.
[0731/010231.090:WARNING:backend_impl.cc(1826)] Destroying invalid entry.
[0731/010231.090:WARNING:backend_impl.cc(1826)] Destroying invalid entry.
[0731/010231.090:WARNING:backend_impl.cc(1826)] Destroying invalid entry.
[0731/010231.091:WARNING:backend_impl.cc(1826)] Destroying invalid entry.
[0731/010231.091:WARNING:backend_impl.cc(1826)] Destroying invalid entry.
[0731/010231.091:WARNING:backend_impl.cc(1826)] Destroying invalid entry.
[0731/010231.092:WARNING:backend_impl.cc(1826)] Destroying invalid entry.
[0731/010231.092:WARNING:backend_impl.cc(1826)] Destroying invalid entry.
[0731/010231.092:WARNING:backend_impl.cc(1826)] Destroying invalid entry.
[0731/010231.099:WARNING:backend_impl.cc(1826)] Destroying invalid entry.
